../Core/Src/main.c:211:5:main	8	static
../Core/Src/main.c:356:6:SystemClock_Config	88	static
../Core/Src/main.c:402:13:MX_CRC_Init	8	static
../Core/Src/main.c:428:13:MX_I2C1_Init	8	static
../Core/Src/main.c:462:13:MX_SPI1_Init	8	static
../Core/Src/main.c:500:13:MX_TIM7_Init	16	static
../Core/Src/main.c:538:13:MX_USART2_UART_Init	8	static
../Core/Src/main.c:571:13:MX_USART3_UART_Init	8	static
../Core/Src/main.c:602:13:MX_DMA_Init	16	static
../Core/Src/main.c:627:13:MX_GPIO_Init	56	static
../Core/Src/main.c:729:6:HAL_UARTEx_RxEventCallback	16	static
../Core/Src/main.c:756:6:StartDefaultTask	16	static
../Core/Src/main.c:775:6:StartBlinkTask	56	static
../Core/Src/main.c:798:6:StartGPSTask	4160	static
../Core/Src/main.c:960:6:StartKeypadScanTask	64	static
../Core/Src/main.c:1027:6:StartINATask	32	static
../Core/Src/main.c:1057:6:StartLoRaTask	16	static
../Core/Src/main.c:1086:6:StartLoraSendTask	208	static
../Core/Src/main.c:1137:6:HAL_TIM_PeriodElapsedCallback	16	static
../Core/Src/main.c:1158:6:Error_Handler	8	static,ignoring_inline_asm
